
> sunray_system@0.1.0 build
> next build

node.exe : ΓÜá Warning: Next.js 
inferred your workspace root, but 
it may not be correct.
At line:1 char:1
+ & "C:\Program 
Files\nodejs/node.exe" 
"C:\Program Files\nodejs/node_mo 
...
+ ~~~~~~~~~~~~~~~~~~~~~~~~~~~~~~~~
~~~~~~~~~~~~~~~~~~~~~~~~~~~~~~~~~~
~~~
    + CategoryInfo          : Not 
   Specified: (ΓÜá Warning: Ne..  
  .not be correct.:String) [],    
 RemoteException
    + FullyQualifiedErrorId : Nat 
   iveCommandError
 
 We detected multiple lockfiles 
and selected the directory of 
C:\Users\Asus\package-lock.json 
as the root directory.
 To silence this warning, set 
`turbopack.root` in your Next.js 
config, or consider removing one 
of the lockfiles if it's not 
needed.
   See https://nextjs.org/docs/app
/api-reference/config/next-config-
js/turbopack#root-directory for 
more information.
 Detected additional lockfiles: 
   * C:\Users\Asus\Downloads\BRAVE
ECOMUISTITCH\stitch_brave_ecom_pvt
_ltd\sunray_system\package-lock.js
on

Γû▓ Next.js 16.1.6 (Turbopack)
- Environments: .env

  Creating an optimized production build ...

> Build error occurred
Error: Turbopack build failed 
with 1 errors:
./Downloads/BRAVEECOMUISTITCH/stit
ch_brave_ecom_pvt_ltd/sunray_syste
m/lib/supabase/server.ts:1:1
Module not found: Can't resolve 
'@supabase/supabase-js'
[0m[31m[1m>[22m[39m[90m 1 
|[39m [36mimport[39m { 
createClient } [36mfrom[39m [32
m'@supabase/supabase-js'[39m[33m
;[39m
 [90m   |[39m [31m[1m^[22m[3
9m[31m[1m^[22m[39m[31m[1m^[
22m[39m[31m[1m^[22m[39m[31m
[1m^[22m[39m[31m[1m^[22m[39m
[31m[1m^[22m[39m[31m[1m^[22
m[39m[31m[1m^[22m[39m[31m[1
m^[22m[39m[31m[1m^[22m[39m[
31m[1m^[22m[39m[31m[1m^[22m
[39m[31m[1m^[22m[39m[31m[1m^
[22m[39m[31m[1m^[22m[39m[31
m[1m^[22m[39m[31m[1m^[22m[3
9m[31m[1m^[22m[39m[31m[1m^[
22m[39m[31m[1m^[22m[39m[31m
[1m^[22m[39m[31m[1m^[22m[39m
[31m[1m^[22m[39m[31m[1m^[22
m[39m[31m[1m^[22m[39m[31m[1
m^[22m[39m[31m[1m^[22m[39m[
31m[1m^[22m[39m[31m[1m^[22m
[39m[31m[1m^[22m[39m[31m[1m^
[22m[39m[31m[1m^[22m[39m[31
m[1m^[22m[39m[31m[1m^[22m[3
9m[31m[1m^[22m[39m[31m[1m^[
22m[39m[31m[1m^[22m[39m[31m
[1m^[22m[39m[31m[1m^[22m[39m
[31m[1m^[22m[39m[31m[1m^[22
m[39m[31m[1m^[22m[39m[31m[1
m^[22m[39m[31m[1m^[22m[39m[
31m[1m^[22m[39m[31m[1m^[22m
[39m[31m[1m^[22m[39m[31m[1m^
[22m[39m[31m[1m^[22m[39m[31
m[1m^[22m[39m[31m[1m^[22m[3
9m[31m[1m^[22m[39m
 [90m 2 |[39m
 [90m 3 |[39m [36mexport[39m 
[36masync[39m 
[36mfunction[39m 
createSupabaseServerClient() {
 [90m 4 |[39m     
[36mconst[39m supabaseUrl 
[33m=[39m process[33m.[39menv
[33m.[39m[33mNEXT_PUBLIC_SUPABAS
E_URL[39m [33m||[39m 
[32m''[39m[33m;[39m[0m



Import trace:
  App Route:
    ./Downloads/BRAVEECOMUISTITCH/
stitch_brave_ecom_pvt_ltd/sunray_s
ystem/lib/supabase/server.ts
    ./Downloads/BRAVEECOMUISTITCH/
stitch_brave_ecom_pvt_ltd/sunray_s
ystem/app/api/franchise/status/rou
te.ts

https://nextjs.org/docs/messages/m
odule-not-found


    at <unknown> (./Downloads/BRAV
EECOMUISTITCH/stitch_brave_ecom_pv
t_ltd/sunray_system/lib/supabase/s
erver.ts:1:1)
    at <unknown> (https://nextjs.o
rg/docs/messages/module-not-found)
